[1] loading
    162 features over 220 samples
[A_sample_strict] building units
    9 mut units vs 96 WT candidates
    draw 100/500
    draw 200/500
    draw 300/500
    draw 400/500
    draw 500/500
[B_patient_strict] building units
    6 mut units vs 75 WT candidates
    draw 100/500
    draw 200/500
    draw 300/500
    draw 400/500
    draw 500/500
[C_sample_broad] building units
    14 mut units vs 96 WT candidates
    draw 100/500
    draw 200/500
    draw 300/500
    draw 400/500
    draw 500/500
[D_patient_broad] building units
    11 mut units vs 74 WT candidates
    draw 100/500
    draw 200/500
    draw 300/500
    draw 400/500
    draw 500/500
Warning messages:
1: In FUN(newX[, i], ...) : no non-missing arguments to min; returning Inf
2: In FUN(newX[, i], ...) : no non-missing arguments to min; returning Inf
3: In FUN(newX[, i], ...) : no non-missing arguments to min; returning Inf
4: In FUN(newX[, i], ...) : no non-missing arguments to min; returning Inf
5: In FUN(newX[, i], ...) : no non-missing arguments to min; returning Inf
6: In FUN(newX[, i], ...) : no non-missing arguments to min; returning Inf
7: In FUN(newX[, i], ...) : no non-missing arguments to min; returning Inf
8: In FUN(newX[, i], ...) : no non-missing arguments to min; returning Inf
9: In FUN(newX[, i], ...) : no non-missing arguments to min; returning Inf
10: In FUN(newX[, i], ...) : no non-missing arguments to min; returning Inf
[4] summary

== design sizes ==
             design mut_def n_mut_units n_wt_candidates
             <char>  <char>       <int>           <int>
1:  A_sample_strict  strict           9              96
2: B_patient_strict  strict           6              75
3:   C_sample_broad   broad          14              96
4:  D_patient_broad   broad          11              74

== the 11 hits across all four designs: frac of valid control sets reaching p<0.05 ==
    feature A_sample_strict B_patient_strict C_sample_broad D_patient_broad
     <char>           <num>            <num>          <num>           <num>
 1:    C1QB           0.896            0.134          0.840           0.322
 2:  SLC2A1           0.682            0.180          0.302           0.100
 3:    SPP1           0.650            0.330          0.496           0.266
 4:   LYVE1           0.640            0.000          0.508           0.000
 5:    C1QC           0.588            0.022          0.648           0.154
 6:     GP9           0.506            0.278          0.116           0.084
 7:     OSM           0.466            0.214          0.224           0.130
 8:    PGK1           0.374            0.258          0.076           0.166
 9:    MRC1           0.360            0.112          0.182           0.006
10:    C1QA           0.320            0.086          0.340           0.082
11:     MAF           0.308            0.076          0.068           0.000
12:   PDGFB           0.224            0.070          0.116           0.010
13:  PDGFRB           0.198            0.128          0.256           0.184
14:    IL11           0.152            0.108          0.222           0.134
15:   TIGIT           0.048            0.002          0.002           0.000
16: NECTIN4           0.044            0.090          0.154           0.122
17:   CD226           0.004            0.008          0.002           0.000

== same, median p ==
    feature A_sample_strict B_patient_strict C_sample_broad D_patient_broad
     <char>           <num>            <num>          <num>           <num>
 1:    C1QB      0.00781250         0.109375    0.006408691      0.08740234
 2:   LYVE1      0.02343750         0.218750    0.048828125      0.28906250
 3:  SLC2A1      0.02734375         0.218750    0.108154297      0.31884766
 4:    SPP1      0.03710938         0.078125    0.050781250      0.12011719
 5:    C1QC      0.03906250         0.218750    0.026123047      0.17968750
 6:     GP9      0.04882812         0.156250    0.169677734      0.23242188
 7:     OSM      0.06445312         0.109375    0.136718750      0.20654297
 8:     MAF      0.08203125         0.421875    0.227416992      0.68115234
 9:    PGK1      0.08203125         0.156250    0.207153320      0.18261719
10:    C1QA      0.09765625         0.312500    0.087402344      0.28857422
11:   PDGFB      0.09765625         0.281250    0.169677734      0.43237305
12:    MRC1      0.12500000         0.343750    0.187866211      0.48291016
13:  PDGFRB      0.12500000         0.156250    0.101806641      0.10302734
14:    IL11      0.15039062         0.281250    0.121948242      0.20654297
15: NECTIN4      0.17968750         0.218750    0.169799805      0.21118164
16:   TIGIT      0.27929688         0.578125    0.545166016      0.89697266
17:   CD226      0.32617188         0.500000    0.526977539      0.79345703

== PATHWAYS under A_sample_strict -- does ANY control set rescue them? ==
                                       pathway median_p best_p frac_p05
                                        <char>    <num>  <num>    <num>
 1:             HALLMARK_INFLAMMATORY_RESPONSE    0.248 0.0195    0.058
 2:                           HALLMARK_HYPOXIA    0.455 0.0371    0.020
 3:  REACTOME_SIGNALING_BY_TGFB_FAMILY_MEMBERS    0.326 0.0137    0.018
 4:           HALLMARK_IL6_JAK_STAT3_SIGNALING    0.326 0.0371    0.014
 5:                      HALLMARK_ANGIOGENESIS    0.455 0.0273    0.012
 6:                HALLMARK_TGF_BETA_SIGNALING    0.674 0.0488    0.004
 7:           HALLMARK_TNFA_SIGNALING_VIA_NFKB    0.590 0.0488    0.002
 8:                       HALLMARK_COAGULATION    0.590 0.2480    0.000
 9: HALLMARK_EPITHELIAL_MESENCHYMAL_TRANSITION    0.715 0.1250    0.000
10:                       HALLMARK_P53_PATHWAY    0.545 0.0645    0.000
11:              KEGG_ECM_RECEPTOR_INTERACTION    0.674 0.2480    0.000
12:            KEGG_TGF_BETA_SIGNALING_PATHWAY    0.545 0.1020    0.000
13:                REACTOME_COLLAGEN_FORMATION    0.715 0.2480    0.000
14: REACTOME_EXTRACELLULAR_MATRIX_ORGANIZATION    0.545 0.1020    0.000

== PATHWAYS under B_patient_strict -- does ANY control set rescue them? ==
                                       pathway median_p best_p frac_p05
                                        <char>    <num>  <num>    <num>
 1:                      HALLMARK_ANGIOGENESIS    0.281 0.0156    0.134
 2:                           HALLMARK_HYPOXIA    0.344 0.0156    0.126
 3:             HALLMARK_INFLAMMATORY_RESPONSE    0.156 0.0312    0.118
 4:           HALLMARK_TNFA_SIGNALING_VIA_NFKB    0.281 0.0156    0.078
 5: REACTOME_EXTRACELLULAR_MATRIX_ORGANIZATION    0.422 0.0312    0.044
 6:                HALLMARK_TGF_BETA_SIGNALING    0.422 0.0156    0.034
 7:                       HALLMARK_P53_PATHWAY    0.422 0.0156    0.028
 8: HALLMARK_EPITHELIAL_MESENCHYMAL_TRANSITION    0.422 0.0469    0.024
 9:                       HALLMARK_COAGULATION    0.422 0.0469    0.018
10:                REACTOME_COLLAGEN_FORMATION    0.500 0.0469    0.010
11:           HALLMARK_IL6_JAK_STAT3_SIGNALING    0.344 0.0469    0.008
12:              KEGG_ECM_RECEPTOR_INTERACTION    0.656 0.1560    0.000
13:            KEGG_TGF_BETA_SIGNALING_PATHWAY    0.500 0.1090    0.000
14:  REACTOME_SIGNALING_BY_TGFB_FAMILY_MEMBERS    0.422 0.0781    0.000

== PATHWAYS under C_sample_broad -- does ANY control set rescue them? ==
                                       pathway median_p  best_p frac_p05
                                        <char>    <num>   <num>    <num>
 1:             HALLMARK_INFLAMMATORY_RESPONSE    0.318 0.00525    0.058
 2:           HALLMARK_TNFA_SIGNALING_VIA_NFKB    0.446 0.00403    0.026
 3:                           HALLMARK_HYPOXIA    0.420 0.01990    0.008
 4:                      HALLMARK_ANGIOGENESIS    0.473 0.02870    0.006
 5:                       HALLMARK_P53_PATHWAY    0.580 0.03410    0.004
 6:           HALLMARK_IL6_JAK_STAT3_SIGNALING    0.658 0.01990    0.002
 7:                HALLMARK_TGF_BETA_SIGNALING    0.751 0.04710    0.002
 8:                       HALLMARK_COAGULATION    0.729 0.18800    0.000
 9: HALLMARK_EPITHELIAL_MESENCHYMAL_TRANSITION    0.632 0.07320    0.000
10:              KEGG_ECM_RECEPTOR_INTERACTION    0.812 0.20700    0.000
11:            KEGG_TGF_BETA_SIGNALING_PATHWAY    0.863 0.29400    0.000
12:                REACTOME_COLLAGEN_FORMATION    0.682 0.12200    0.000
13: REACTOME_EXTRACELLULAR_MATRIX_ORGANIZATION    0.718 0.12200    0.000
14:  REACTOME_SIGNALING_BY_TGFB_FAMILY_MEMBERS    0.729 0.10800    0.000

== PATHWAYS under D_patient_broad -- does ANY control set rescue them? ==
                                       pathway median_p   best_p frac_p05
                                        <char>    <num>    <num>    <num>
 1:           HALLMARK_TNFA_SIGNALING_VIA_NFKB   0.0737 0.000488    0.354
 2:                           HALLMARK_HYPOXIA   0.1030 0.000488    0.270
 3:             HALLMARK_INFLAMMATORY_RESPONSE   0.1200 0.000977    0.248
 4:                      HALLMARK_ANGIOGENESIS   0.2070 0.000488    0.126
 5: HALLMARK_EPITHELIAL_MESENCHYMAL_TRANSITION   0.2070 0.003420    0.084
 6:                       HALLMARK_P53_PATHWAY   0.2890 0.006840    0.058
 7:                HALLMARK_TGF_BETA_SIGNALING   0.3500 0.000488    0.052
 8:                REACTOME_COLLAGEN_FORMATION   0.3500 0.009280    0.032
 9: REACTOME_EXTRACELLULAR_MATRIX_ORGANIZATION   0.4830 0.004880    0.010
10:                       HALLMARK_COAGULATION   0.4160 0.026900    0.004
11:           HALLMARK_IL6_JAK_STAT3_SIGNALING   0.5510 0.021000    0.004
12:              KEGG_ECM_RECEPTOR_INTERACTION   0.8170 0.103000    0.000
13:            KEGG_TGF_BETA_SIGNALING_PATHWAY   0.7110 0.061500    0.000
14:  REACTOME_SIGNALING_BY_TGFB_FAMILY_MEMBERS   0.6810 0.103000    0.000

== genes most robust to the control-set choice, per design ==
             design feature median_p frac_p05
             <char>  <char>    <num>    <num>
 1: A_sample_strict    CDH5  0.01560    1.000
 2: A_sample_strict    C1QB  0.00781    0.896
 3: A_sample_strict  SLC2A1  0.02730    0.682
 4: A_sample_strict    SPP1  0.03710    0.650
 5: A_sample_strict   LYVE1  0.02340    0.640
 6: A_sample_strict     LOX  0.04880    0.616
 7: A_sample_strict  ANGPT1  0.03710    0.596
 8: A_sample_strict    C1QC  0.03910    0.588
 9: A_sample_strict     GP9  0.04880    0.506
10: A_sample_strict     OSM  0.06450    0.466
11: A_sample_strict   VSIG4  0.08200    0.448
12: A_sample_strict    ZEB1  0.06450    0.444
              design feature median_p frac_p05
              <char>  <char>    <num>    <num>
 1: B_patient_strict    IL1B   0.0469    0.580
 2: B_patient_strict    CDH5   0.0312    0.528
 3: B_patient_strict    FBN1   0.0781    0.442
 4: B_patient_strict    SPP1   0.0781    0.330
 5: B_patient_strict     TNF   0.1090    0.328
 6: B_patient_strict   CXCL1   0.0781    0.314
 7: B_patient_strict  COL5A1   0.2190    0.302
 8: B_patient_strict     GP9   0.1560    0.278
 9: B_patient_strict    PGK1   0.1560    0.258
10: B_patient_strict    NGFR   0.1090    0.250
11: B_patient_strict S100A12   0.1560    0.234
12: B_patient_strict    IL10   0.1090    0.230
            design feature median_p frac_p05
            <char>  <char>    <num>    <num>
 1: C_sample_broad    CDH5  0.00781    1.000
 2: C_sample_broad    C1QB  0.00641    0.840
 3: C_sample_broad    C1QC  0.02610    0.648
 4: C_sample_broad  ANGPT1  0.03410    0.576
 5: C_sample_broad   LYVE1  0.04880    0.508
 6: C_sample_broad    SPP1  0.05080    0.496
 7: C_sample_broad     TNF  0.07320    0.392
 8: C_sample_broad    CCN1  0.07810    0.362
 9: C_sample_broad  COL5A1  0.08810    0.360
10: C_sample_broad    C1QA  0.08740    0.340
11: C_sample_broad  SLC2A1  0.10800    0.302
12: C_sample_broad     LOX  0.08390    0.294
             design feature median_p frac_p05
             <char>  <char>    <num>    <num>
 1: D_patient_broad    CDH5   0.0371    0.702
 2: D_patient_broad    FBN1   0.0269    0.648
 3: D_patient_broad     TNF   0.0508    0.476
 4: D_patient_broad    MMP9   0.0645    0.470
 5: D_patient_broad     ADM   0.0737    0.420
 6: D_patient_broad     IL6   0.0820    0.408
 7: D_patient_broad    CCN2   0.1090    0.372
 8: D_patient_broad    CCN1   0.0781    0.356
 9: D_patient_broad   MMP14   0.0874    0.342
10: D_patient_broad   CXCL8   0.0874    0.340
11: D_patient_broad    C1QB   0.0874    0.322
12: D_patient_broad   TGFB2   0.0874    0.300
[done] 12_robustness
