[vocab] 115 AML, 23 healthy, 0 excluded (of 138 rows in the index)
[0] subsets=panels -> 141 sets over 141 distinct feature columns
[1] SPLIT=discovery: 77 of 138 samples | AML=57 healthy=20 (controls are shared between arms)
[1] healthy=20 (barycenter 16) | AML=57 | alphas=[0.0]
[2] alpha=0    only_st_HSPC_core | healthy=0.0431 AML=0.0579 | global b=+0.02051 p=0.06739 | within-ds b=+0.02969 p=0.01381
[2] alpha=0    only_st_vanGalen_HSC_like | healthy=0.0329 AML=0.0686 | global b=+0.02842 p=0.03758 | within-ds b=+0.03080 p=0.08031
[2] alpha=0    only_st_vanGalen_HSC_Prog | healthy=0.0465 AML=0.1303 | global b=+0.03839 p=0.22669 | within-ds b=+0.04464 p=0.05728
[2] alpha=0    only_st_vanGalen_HSCprog_like | healthy=0.0300 AML=0.1061 | global b=+0.06192 p=0.01891 | within-ds b=+0.06202 p=0.03314
[2] alpha=0    only_st_HSPC_core_normal | healthy=0.0396 AML=0.0632 | global b=+0.02074 p=0.12145 | within-ds b=+0.02627 p=0.02497
[2] alpha=0    only_st_vanGalen_HSC_like_normal | healthy=0.0342 AML=0.0701 | global b=+0.02753 p=0.05512 | within-ds b=+0.03097 p=0.07144
[2] alpha=0    only_st_vanGalen_HSC_Prog_normal | healthy=0.0364 AML=0.1280 | global b=+0.04255 p=0.15149 | within-ds b=+0.04316 p=0.07608
[2] alpha=0    only_st_vanGalen_HSCprog_like_normal | healthy=0.0295 AML=0.1057 | global b=+0.06302 p=0.01711 | within-ds b=+0.06316 p=0.03455
[2] alpha=0    only_st_HSPC_core_malignant | healthy=0.1154 AML=0.1375 | global b=+0.02198 p=0.46250 | within-ds b=+0.03175 p=0.18320
[2] alpha=0    only_st_vanGalen_HSC_like_malignant | healthy=0.0768 AML=0.1212 | global b=+0.03593 p=0.18134 | within-ds b=+0.03194 p=0.25746
[2] alpha=0    only_st_vanGalen_HSC_Prog_malignant | healthy=0.0921 AML=0.1853 | global b=+0.02151 p=0.57115 | within-ds b=-0.00524 p=0.87432
[2] alpha=0    only_st_vanGalen_HSCprog_like_malignant | healthy=0.0573 AML=0.1393 | global b=+0.05785 p=0.07643 | within-ds b=+0.05382 p=0.06459
[2] alpha=0    only_pg_Androgen | healthy=0.1176 AML=0.1584 | global b=+0.05259 p=0.08035 | within-ds b=+0.03163 p=0.39264
[2] alpha=0    only_pg_EGFR   | healthy=0.0719 AML=0.1331 | global b=+0.04362 p=0.07876 | within-ds b=+0.02897 p=0.35274
[2] alpha=0    only_pg_Estrogen | healthy=0.0701 AML=0.1662 | global b=+0.06853 p=0.04599 | within-ds b=+0.09535 p=0.01739
[2] alpha=0    only_pg_Hypoxia | healthy=0.0852 AML=0.1182 | global b=+0.02395 p=0.34809 | within-ds b=+0.03795 p=0.21729
[2] alpha=0    only_pg_JAK_STAT | healthy=0.0868 AML=0.1985 | global b=+0.07205 p=0.06010 | within-ds b=+0.07563 p=0.08761
[2] alpha=0    only_pg_MAPK   | healthy=0.0844 AML=0.1418 | global b=+0.07699 p=0.00926 | within-ds b=+0.07045 p=0.04351
[2] alpha=0    only_pg_NFkB   | healthy=0.1744 AML=0.1810 | global b=-0.00146 p=0.97176 | within-ds b=-0.01592 p=0.75547
[2] alpha=0    only_pg_p53    | healthy=0.0399 AML=0.0999 | global b=+0.03393 p=0.12431 | within-ds b=+0.03123 p=0.16521
[2] alpha=0    only_pg_PI3K   | healthy=0.0414 AML=0.1062 | global b=+0.06928 p=0.00088 | within-ds b=+0.08003 p=0.00177
[2] alpha=0    only_pg_TGFb   | healthy=0.1116 AML=0.1771 | global b=+0.04776 p=0.21846 | within-ds b=+0.02882 p=0.48546
[2] alpha=0    only_pg_TNFa   | healthy=0.0826 AML=0.1421 | global b=+0.06118 p=0.03361 | within-ds b=+0.04431 p=0.20719
[2] alpha=0    only_pg_Trail  | healthy=0.0638 AML=0.1319 | global b=+0.05023 p=0.03473 | within-ds b=+0.05486 p=0.06020
[2] alpha=0    only_pg_VEGF   | healthy=0.0794 AML=0.1161 | global b=+0.01748 p=0.48467 | within-ds b=+0.01998 p=0.48292
[2] alpha=0    only_pg_WNT    | healthy=0.1014 AML=0.1764 | global b=+0.04502 p=0.21895 | within-ds b=+0.04345 p=0.26762
[2] alpha=0    only_pg_Androgen_normal | healthy=0.1117 AML=0.1622 | global b=+0.05859 p=0.04998 | within-ds b=+0.03349 p=0.36372
[2] alpha=0    only_pg_EGFR_normal | healthy=0.0754 AML=0.1265 | global b=+0.03972 p=0.09775 | within-ds b=+0.02431 p=0.42766
[2] alpha=0    only_pg_Estrogen_normal | healthy=0.0691 AML=0.1768 | global b=+0.07051 p=0.05405 | within-ds b=+0.09460 p=0.02137
[2] alpha=0    only_pg_Hypoxia_normal | healthy=0.0860 AML=0.1217 | global b=+0.02568 p=0.31718 | within-ds b=+0.04018 p=0.19264
[2] alpha=0    only_pg_JAK_STAT_normal | healthy=0.0864 AML=0.2085 | global b=+0.07331 p=0.04646 | within-ds b=+0.07353 p=0.08960
[2] alpha=0    only_pg_MAPK_normal | healthy=0.0828 AML=0.1488 | global b=+0.07939 p=0.00701 | within-ds b=+0.07258 p=0.03838
[2] alpha=0    only_pg_NFkB_normal | healthy=0.1769 AML=0.1908 | global b=+0.00385 p=0.92756 | within-ds b=-0.01035 p=0.84417
[2] alpha=0    only_pg_p53_normal | healthy=0.0402 AML=0.0963 | global b=+0.03232 p=0.11058 | within-ds b=+0.02881 p=0.18136
[2] alpha=0    only_pg_PI3K_normal | healthy=0.0420 AML=0.1168 | global b=+0.07268 p=0.00109 | within-ds b=+0.08195 p=0.00180
[2] alpha=0    only_pg_TGFb_normal | healthy=0.1008 AML=0.1941 | global b=+0.05911 p=0.14695 | within-ds b=+0.03426 p=0.41003
[2] alpha=0    only_pg_TNFa_normal | healthy=0.0796 AML=0.1444 | global b=+0.05956 p=0.04464 | within-ds b=+0.04075 p=0.23832
[2] alpha=0    only_pg_Trail_normal | healthy=0.0644 AML=0.1200 | global b=+0.04615 p=0.03587 | within-ds b=+0.04919 p=0.06955
[2] alpha=0    only_pg_VEGF_normal | healthy=0.0760 AML=0.1208 | global b=+0.02249 p=0.38944 | within-ds b=+0.02329 p=0.42295
[2] alpha=0    only_pg_WNT_normal | healthy=0.0970 AML=0.1766 | global b=+0.04745 p=0.20316 | within-ds b=+0.04055 p=0.30225
[2] alpha=0    only_pg_Androgen_malignant | healthy=0.0908 AML=0.1221 | global b=+0.03407 p=0.21664 | within-ds b=+0.01546 p=0.54530
[2] alpha=0    only_pg_EGFR_malignant | healthy=0.0780 AML=0.1491 | global b=+0.07235 p=0.01290 | within-ds b=+0.07080 p=0.02927
[2] alpha=0    only_pg_Estrogen_malignant | healthy=0.0852 AML=0.1832 | global b=+0.05991 p=0.09984 | within-ds b=+0.05959 p=0.14554
[2] alpha=0    only_pg_Hypoxia_malignant | healthy=0.0922 AML=0.1445 | global b=+0.00826 p=0.75381 | within-ds b=+0.02364 p=0.45459
[2] alpha=0    only_pg_JAK_STAT_malignant | healthy=0.1126 AML=0.2283 | global b=+0.05151 p=0.13520 | within-ds b=+0.04529 p=0.26203
[2] alpha=0    only_pg_MAPK_malignant | healthy=0.1397 AML=0.1831 | global b=+0.04990 p=0.20377 | within-ds b=+0.03556 p=0.41709
[2] alpha=0    only_pg_NFkB_malignant | healthy=0.1467 AML=0.1728 | global b=+0.01803 p=0.59030 | within-ds b=+0.00320 p=0.93995
[2] alpha=0    only_pg_p53_malignant | healthy=0.0563 AML=0.1447 | global b=+0.06496 p=0.02293 | within-ds b=+0.06547 p=0.02597
[2] alpha=0    only_pg_PI3K_malignant | healthy=0.0788 AML=0.1254 | global b=+0.03950 p=0.06380 | within-ds b=+0.03535 p=0.16580
[2] alpha=0    only_pg_TGFb_malignant | healthy=0.1274 AML=0.1640 | global b=-0.01511 p=0.67552 | within-ds b=-0.04896 p=0.19431
[2] alpha=0    only_pg_TNFa_malignant | healthy=0.0960 AML=0.1481 | global b=+0.01026 p=0.74144 | within-ds b=-0.00497 p=0.89666
[2] alpha=0    only_pg_Trail_malignant | healthy=0.1089 AML=0.1509 | global b=+0.03108 p=0.25134 | within-ds b=+0.01518 p=0.67584
[2] alpha=0    only_pg_VEGF_malignant | healthy=0.0694 AML=0.1093 | global b=+0.02377 p=0.14353 | within-ds b=+0.02528 p=0.11099
[2] alpha=0    only_pg_WNT_malignant | healthy=0.1291 AML=0.1687 | global b=+0.00178 p=0.96129 | within-ds b=-0.01122 p=0.76840
[2] alpha=0    only_cs_antiapoptotic | healthy=0.0845 AML=0.1345 | global b=+0.01940 p=0.41909 | within-ds b=+0.00829 p=0.79040
[2] alpha=0    only_cs_apoptotic_priming | healthy=0.1614 AML=0.1306 | global b=-0.04511 p=0.11867 | within-ds b=-0.06220 p=0.06941
[2] alpha=0    only_cs_cytotoxicity | healthy=0.1657 AML=0.2300 | global b=-0.00013 p=0.99476 | within-ds b=+0.02301 p=0.27637
[2] alpha=0    only_cs_exhaustion | healthy=0.1172 AML=0.2492 | global b=+0.07183 p=0.02720 | within-ds b=+0.09538 p=0.00358
[2] alpha=0    only_cs_interferon_I | healthy=0.0914 AML=0.1616 | global b=+0.02872 p=0.34249 | within-ds b=+0.04437 p=0.23227
[2] alpha=0    only_cs_interferon_II | healthy=0.1202 AML=0.1826 | global b=+0.03276 p=0.31686 | within-ds b=+0.06642 p=0.07455
[2] alpha=0    only_cs_mhc_i  | healthy=0.0833 AML=0.1532 | global b=+0.04157 p=0.20544 | within-ds b=+0.05590 p=0.11784
[2] alpha=0    only_cs_mhc_ii | healthy=0.0592 AML=0.1361 | global b=+0.02743 p=0.23411 | within-ds b=+0.02267 p=0.36537
[2] alpha=0    only_cs_naive_memory | healthy=0.1026 AML=0.1968 | global b=+0.04887 p=0.01955 | within-ds b=+0.04125 p=0.09287
[2] alpha=0    only_cs_retention_ligand | healthy=0.0515 AML=0.1064 | global b=+0.05449 p=0.02137 | within-ds b=+0.05279 p=0.05150
[2] alpha=0    only_cs_retention_receptor | healthy=0.1111 AML=0.1344 | global b=+0.03316 p=0.30951 | within-ds b=+0.05894 p=0.12486
[2] alpha=0    only_cs_sasp   | healthy=0.1186 AML=0.1451 | global b=-0.00740 p=0.78493 | within-ds b=-0.01117 p=0.73110
[2] alpha=0    only_cs_senescence | healthy=0.0804 AML=0.0953 | global b=-0.00792 p=0.69433 | within-ds b=-0.01519 p=0.57393
[2] alpha=0    only_cs_antiapoptotic_normal | healthy=0.0834 AML=0.1293 | global b=+0.02263 p=0.36188 | within-ds b=+0.00999 p=0.75113
[2] alpha=0    only_cs_apoptotic_priming_normal | healthy=0.1520 AML=0.1388 | global b=-0.03430 p=0.24289 | within-ds b=-0.05674 p=0.09373
[2] alpha=0    only_cs_cytotoxicity_normal | healthy=0.1692 AML=0.2283 | global b=-0.00650 p=0.75709 | within-ds b=+0.01755 p=0.41298
[2] alpha=0    only_cs_exhaustion_normal | healthy=0.1185 AML=0.2443 | global b=+0.07473 p=0.02220 | within-ds b=+0.10182 p=0.00278
[2] alpha=0    only_cs_interferon_I_normal | healthy=0.0930 AML=0.1580 | global b=+0.03227 p=0.28476 | within-ds b=+0.04783 p=0.19753
[2] alpha=0    only_cs_interferon_II_normal | healthy=0.1216 AML=0.1839 | global b=+0.03308 p=0.30088 | within-ds b=+0.06532 p=0.07351
[2] alpha=0    only_cs_mhc_i_normal | healthy=0.0789 AML=0.1544 | global b=+0.05091 p=0.11917 | within-ds b=+0.05492 p=0.10997
[2] alpha=0    only_cs_mhc_ii_normal | healthy=0.0583 AML=0.1248 | global b=+0.02810 p=0.15933 | within-ds b=+0.02422 p=0.31160
[2] alpha=0    only_cs_naive_memory_normal | healthy=0.0989 AML=0.2049 | global b=+0.05267 p=0.00749 | within-ds b=+0.04707 p=0.04894
[2] alpha=0    only_cs_retention_ligand_normal | healthy=0.0562 AML=0.1133 | global b=+0.05690 p=0.02204 | within-ds b=+0.05114 p=0.06786
[2] alpha=0    only_cs_retention_receptor_normal | healthy=0.1006 AML=0.1531 | global b=+0.05780 p=0.07797 | within-ds b=+0.07221 p=0.04764
[2] alpha=0    only_cs_sasp_normal | healthy=0.1180 AML=0.1467 | global b=-0.00564 p=0.84152 | within-ds b=-0.01121 p=0.73266
[2] alpha=0    only_cs_senescence_normal | healthy=0.0809 AML=0.1099 | global b=-0.00378 p=0.87825 | within-ds b=-0.01433 p=0.59539
[2] alpha=0    only_cs_antiapoptotic_malignant | healthy=0.0961 AML=0.1295 | global b=-0.01235 p=0.61531 | within-ds b=-0.01688 p=0.55580
[2] alpha=0    only_cs_apoptotic_priming_malignant | healthy=0.1206 AML=0.1257 | global b=-0.00780 p=0.79053 | within-ds b=+0.00314 p=0.91254
[2] alpha=0    only_cs_cytotoxicity_malignant | healthy=0.1371 AML=0.2338 | global b=+0.04051 p=0.04264 | within-ds b=+0.06313 p=0.00346
[2] alpha=0    only_cs_exhaustion_malignant | healthy=0.1110 AML=0.2133 | global b=+0.04991 p=0.07777 | within-ds b=+0.05486 p=0.06067
[2] alpha=0    only_cs_interferon_I_malignant | healthy=0.1038 AML=0.1624 | global b=+0.01117 p=0.68020 | within-ds b=+0.02954 p=0.36879
[2] alpha=0    only_cs_interferon_II_malignant | healthy=0.1108 AML=0.1970 | global b=+0.05382 p=0.09374 | within-ds b=+0.07834 p=0.03138
[2] alpha=0    only_cs_mhc_i_malignant | healthy=0.1252 AML=0.1824 | global b=+0.01270 p=0.73603 | within-ds b=+0.02137 p=0.63508
[2] alpha=0    only_cs_mhc_ii_malignant | healthy=0.0589 AML=0.1455 | global b=+0.04577 p=0.03633 | within-ds b=+0.04492 p=0.05054
[2] alpha=0    only_cs_naive_memory_malignant | healthy=0.0986 AML=0.1480 | global b=+0.06459 p=0.01329 | within-ds b=+0.08413 p=0.00518
[2] alpha=0    only_cs_retention_ligand_malignant | healthy=0.0627 AML=0.1144 | global b=+0.04233 p=0.06178 | within-ds b=+0.04033 p=0.09859
[2] alpha=0    only_cs_retention_receptor_malignant | healthy=0.1438 AML=0.1338 | global b=-0.00645 p=0.84152 | within-ds b=+0.01683 p=0.66544
[2] alpha=0    only_cs_sasp_malignant | healthy=0.1070 AML=0.1487 | global b=-0.02250 p=0.46508 | within-ds b=-0.01597 p=0.62866
[2] alpha=0    only_cs_senescence_malignant | healthy=0.0625 AML=0.0984 | global b=-0.00065 p=0.97973 | within-ds b=-0.00614 p=0.78462
[2] alpha=0    only_mt_glycolysis | healthy=0.0822 AML=0.1410 | global b=+0.02915 p=0.27057 | within-ds b=+0.01121 p=0.55447
[2] alpha=0    only_mt_oxphos | healthy=0.1084 AML=0.1453 | global b=+0.00461 p=0.87178 | within-ds b=-0.00911 p=0.75969
[2] alpha=0    only_mt_fatty_acid_oxidation | healthy=0.0691 AML=0.1391 | global b=+0.04265 p=0.07570 | within-ds b=+0.05121 p=0.08034
[2] alpha=0    only_mt_expr_BCL2 | healthy=0.0849 AML=0.1197 | global b=+0.00007 p=0.99735 | within-ds b=+0.00767 p=0.73386
[2] alpha=0    only_mt_expr_MCL1 | healthy=0.0934 AML=0.1681 | global b=-0.00315 p=0.91469 | within-ds b=+0.00806 p=0.80995
[2] alpha=0    only_mt_expr_BCL2L1 | healthy=0.1322 AML=0.1116 | global b=-0.01417 p=0.63150 | within-ds b=-0.00282 p=0.93709
[2] alpha=0    only_mt_glycolysis_normal | healthy=0.0797 AML=0.1154 | global b=+0.02218 p=0.26344 | within-ds b=+0.00851 p=0.63013
[2] alpha=0    only_mt_oxphos_normal | healthy=0.1004 AML=0.1163 | global b=+0.00987 p=0.66906 | within-ds b=-0.00855 p=0.75353
[2] alpha=0    only_mt_fatty_acid_oxidation_normal | healthy=0.0609 AML=0.1379 | global b=+0.04292 p=0.08951 | within-ds b=+0.05243 p=0.09965
[2] alpha=0    only_mt_expr_BCL2_normal | healthy=0.0801 AML=0.1260 | global b=+0.00332 p=0.87470 | within-ds b=+0.00647 p=0.76618
[2] alpha=0    only_mt_expr_MCL1_normal | healthy=0.0974 AML=0.1578 | global b=-0.00893 p=0.75919 | within-ds b=+0.00296 p=0.93135
[2] alpha=0    only_mt_expr_BCL2L1_normal | healthy=0.1559 AML=0.1544 | global b=-0.01479 p=0.70865 | within-ds b=-0.01223 p=0.74359
[2] alpha=0    only_mt_glycolysis_malignant | healthy=0.1096 AML=0.1446 | global b=-0.01480 p=0.60810 | within-ds b=-0.02670 p=0.28489
[2] alpha=0    only_mt_oxphos_malignant | healthy=0.1804 AML=0.1726 | global b=-0.02855 p=0.46616 | within-ds b=-0.03661 p=0.43462
[2] alpha=0    only_mt_fatty_acid_oxidation_malignant | healthy=0.0834 AML=0.1288 | global b=+0.03006 p=0.23095 | within-ds b=+0.02204 p=0.44588
[2] alpha=0    only_mt_expr_BCL2_malignant | healthy=0.1693 AML=0.1458 | global b=-0.03971 p=0.18548 | within-ds b=-0.04907 p=0.11190
[2] alpha=0    only_mt_expr_MCL1_malignant | healthy=0.0921 AML=0.1547 | global b=-0.01259 p=0.66606 | within-ds b=-0.00793 p=0.79607
[2] alpha=0    only_mt_expr_BCL2L1_malignant | healthy=0.1590 AML=0.1327 | global b=-0.01905 p=0.39600 | within-ds b=-0.01127 p=0.63591
[2] alpha=0    only_pt_predicted_Pseudotime | healthy=0.0413 AML=0.1531 | global b=+0.05493 p=0.06915 | within-ds b=+0.04805 p=0.01945
[2] alpha=0    only_pt_predicted_Pseudotime_normal | healthy=0.0409 AML=0.1406 | global b=+0.05405 p=0.03913 | within-ds b=+0.04840 p=0.02070
[2] alpha=0    only_pt_predicted_Pseudotime_malignant | healthy=0.0764 AML=0.1679 | global b=+0.03082 p=0.20048 | within-ds b=+0.02244 p=0.39714
[2] alpha=0    only_mp_MP2    | healthy=0.0474 AML=0.1141 | global b=+0.03123 p=0.01117 | within-ds b=+0.03215 p=0.01327
[2] alpha=0    only_mp_MP3    | healthy=0.0854 AML=0.1372 | global b=+0.00190 p=0.94683 | within-ds b=-0.00404 p=0.80698
[2] alpha=0    only_mp_MP4    | healthy=0.0192 AML=0.0363 | global b=+0.01693 p=0.00713 | within-ds b=+0.01971 p=0.00773
[2] alpha=0    only_mp_MP5    | healthy=0.0423 AML=0.1104 | global b=+0.02160 p=0.06734 | within-ds b=+0.02405 p=0.04701
[2] alpha=0    only_mp_MP6    | healthy=0.0407 AML=0.1141 | global b=+0.02601 p=0.04234 | within-ds b=+0.03222 p=0.01406
[2] alpha=0    only_mp_MP7    | healthy=0.0288 AML=0.0840 | global b=+0.02538 p=0.02518 | within-ds b=+0.02754 p=0.01996
[2] alpha=0    only_mp_MP8    | healthy=0.0359 AML=0.0840 | global b=+0.01213 p=0.23037 | within-ds b=+0.01058 p=0.26396
[2] alpha=0    only_mp_MP9    | healthy=0.0848 AML=0.1452 | global b=+0.07220 p=0.01761 | within-ds b=+0.09021 p=0.00349
[2] alpha=0    only_mp_MP10   | healthy=0.0468 AML=0.1084 | global b=+0.02768 p=0.02288 | within-ds b=+0.03168 p=0.02559
[2] alpha=0    only_mp_MP2_normal | healthy=0.0473 AML=0.1105 | global b=+0.03137 p=0.00815 | within-ds b=+0.03302 p=0.01386
[2] alpha=0    only_mp_MP3_normal | healthy=0.0863 AML=0.1312 | global b=-0.00157 p=0.95361 | within-ds b=-0.00551 p=0.73863
[2] alpha=0    only_mp_MP4_normal | healthy=0.0217 AML=0.0463 | global b=+0.01910 p=0.08589 | within-ds b=+0.02367 p=0.00113
[2] alpha=0    only_mp_MP5_normal | healthy=0.0415 AML=0.1069 | global b=+0.02217 p=0.06262 | within-ds b=+0.02467 p=0.04078
[2] alpha=0    only_mp_MP6_normal | healthy=0.0404 AML=0.1126 | global b=+0.02637 p=0.04582 | within-ds b=+0.03207 p=0.01413
[2] alpha=0    only_mp_MP7_normal | healthy=0.0365 AML=0.0930 | global b=+0.02032 p=0.14584 | within-ds b=+0.02828 p=0.01935
[2] alpha=0    only_mp_MP8_normal | healthy=0.0352 AML=0.0836 | global b=+0.01263 p=0.27930 | within-ds b=+0.01043 p=0.26927
[2] alpha=0    only_mp_MP9_normal | healthy=0.0830 AML=0.1388 | global b=+0.07332 p=0.01400 | within-ds b=+0.09414 p=0.00287
[2] alpha=0    only_mp_MP10_normal | healthy=0.0463 AML=0.1052 | global b=+0.02822 p=0.01900 | within-ds b=+0.03331 p=0.02573
[2] alpha=0    only_mp_MP2_malignant | healthy=0.0610 AML=0.1454 | global b=+0.03472 p=0.01475 | within-ds b=+0.03309 p=0.04256
[2] alpha=0    only_mp_MP3_malignant | healthy=0.0903 AML=0.1760 | global b=+0.03657 p=0.07370 | within-ds b=+0.04093 p=0.04287
[2] alpha=0    only_mp_MP4_malignant | healthy=0.0813 AML=0.0898 | global b=-0.00515 p=0.82547 | within-ds b=-0.01647 p=0.53206
[2] alpha=0    only_mp_MP5_malignant | healthy=0.0529 AML=0.1668 | global b=+0.03993 p=0.03209 | within-ds b=+0.04429 p=0.01433
[2] alpha=0    only_mp_MP6_malignant | healthy=0.0597 AML=0.1549 | global b=+0.03052 p=0.07600 | within-ds b=+0.03694 p=0.05761
[2] alpha=0    only_mp_MP7_malignant | healthy=0.0554 AML=0.0884 | global b=+0.01538 p=0.29896 | within-ds b=+0.00337 p=0.87036
[2] alpha=0    only_mp_MP8_malignant | healthy=0.0664 AML=0.1011 | global b=-0.00348 p=0.82005 | within-ds b=-0.01384 p=0.40873
[2] alpha=0    only_mp_MP9_malignant | healthy=0.0919 AML=0.1303 | global b=+0.01583 p=0.55934 | within-ds b=+0.02268 p=0.32027
[2] alpha=0    only_mp_MP10_malignant | healthy=0.0598 AML=0.1484 | global b=+0.03065 p=0.04277 | within-ds b=+0.03512 p=0.04837
[done] wrote /LARGE1/gr10634/gaozy/tmp/mp_wire/screen/08_scoring/feature_decomposition__discovery.csv  (141 rows, split=discovery, n_perm=1000000)

[3b] PANEL FAMILIES -- BH-FDR within each family, alpha=0, within-dataset model
  cs: 39 features tested | q<0.05: 3
      only_cs_exhaustion_normal                      beta=+0.1018 p=0.0028 q=0.0465 *
      only_cs_cytotoxicity_malignant                 beta=+0.0631 p=0.0035 q=0.0465 *
      only_cs_exhaustion                             beta=+0.0954 p=0.0036 q=0.0465 *
  mp: 27 features tested | q<0.05: 11
      only_mp_MP4_normal                             beta=+0.0237 p=0.0011 q=0.0306 *
      only_mp_MP9_normal                             beta=+0.0941 p=0.0029 q=0.0315 *
      only_mp_MP9                                    beta=+0.0902 p=0.0035 q=0.0315 *
  mt: 18 features tested | q<0.05: 0
      only_mt_fatty_acid_oxidation                   beta=+0.0512 p=0.0803 q=0.6714
      only_mt_fatty_acid_oxidation_normal            beta=+0.0524 p=0.0996 q=0.6714
      only_mt_expr_BCL2_malignant                    beta=-0.0491 p=0.1119 q=0.6714
  pg: 42 features tested | q<0.05: 2
      only_pg_PI3K                                   beta=+0.0800 p=0.0018 q=0.0379 *
      only_pg_PI3K_normal                            beta=+0.0819 p=0.0018 q=0.0379 *
      only_pg_Estrogen                               beta=+0.0954 p=0.0174 q=0.2049
  pt: 3 features tested | q<0.05: 2
      only_pt_predicted_Pseudotime                   beta=+0.0480 p=0.0195 q=0.0310 *
      only_pt_predicted_Pseudotime_normal            beta=+0.0484 p=0.0207 q=0.0310 *
      only_pt_predicted_Pseudotime_malignant         beta=+0.0224 p=0.3971 q=0.3971
  st: 12 features tested | q<0.05: 0
      only_st_HSPC_core                              beta=+0.0297 p=0.0138 q=0.1036
      only_st_HSPC_core_normal                       beta=+0.0263 p=0.0250 q=0.1036
      only_st_vanGalen_HSCprog_like                  beta=+0.0620 p=0.0331 q=0.1036

[3] FEATURE DECOMPOSITION
 alpha                             feature_set  mean_healthy  mean_aml  beta_global  p_global  beta_strat  p_strat
   0.0                       only_st_HSPC_core       0.04309   0.05787      0.02051   0.06739     0.02969  0.01381
   0.0               only_st_vanGalen_HSC_like       0.03294   0.06862      0.02842   0.03758     0.03080  0.08031
   0.0               only_st_vanGalen_HSC_Prog       0.04653   0.13026      0.03839   0.22669     0.04464  0.05728
   0.0           only_st_vanGalen_HSCprog_like       0.02998   0.10608      0.06192   0.01891     0.06202  0.03314
   0.0                only_st_HSPC_core_normal       0.03960   0.06323      0.02074   0.12145     0.02627  0.02497
   0.0        only_st_vanGalen_HSC_like_normal       0.03425   0.07009      0.02753   0.05512     0.03097  0.07144
   0.0        only_st_vanGalen_HSC_Prog_normal       0.03642   0.12802      0.04255   0.15149     0.04316  0.07608
   0.0    only_st_vanGalen_HSCprog_like_normal       0.02953   0.10573      0.06302   0.01711     0.06316  0.03455
   0.0             only_st_HSPC_core_malignant       0.11539   0.13752      0.02198   0.46250     0.03175  0.18320
   0.0     only_st_vanGalen_HSC_like_malignant       0.07677   0.12120      0.03593   0.18134     0.03194  0.25746
   0.0     only_st_vanGalen_HSC_Prog_malignant       0.09209   0.18530      0.02151   0.57115    -0.00524  0.87432
   0.0 only_st_vanGalen_HSCprog_like_malignant       0.05732   0.13926      0.05785   0.07643     0.05382  0.06459
   0.0                        only_pg_Androgen       0.11762   0.15844      0.05259   0.08035     0.03163  0.39264
   0.0                            only_pg_EGFR       0.07189   0.13307      0.04362   0.07876     0.02897  0.35274
   0.0                        only_pg_Estrogen       0.07011   0.16619      0.06853   0.04599     0.09535  0.01739
   0.0                         only_pg_Hypoxia       0.08524   0.11824      0.02395   0.34809     0.03795  0.21729
   0.0                        only_pg_JAK_STAT       0.08676   0.19849      0.07205   0.06010     0.07563  0.08761
   0.0                            only_pg_MAPK       0.08439   0.14179      0.07699   0.00926     0.07045  0.04351
   0.0                            only_pg_NFkB       0.17442   0.18104     -0.00146   0.97176    -0.01592  0.75547
   0.0                             only_pg_p53       0.03992   0.09988      0.03393   0.12431     0.03123  0.16521
   0.0                            only_pg_PI3K       0.04138   0.10619      0.06928   0.00088     0.08003  0.00177
   0.0                            only_pg_TGFb       0.11164   0.17710      0.04776   0.21846     0.02882  0.48546
   0.0                            only_pg_TNFa       0.08263   0.14214      0.06118   0.03361     0.04431  0.20719
   0.0                           only_pg_Trail       0.06381   0.13191      0.05023   0.03473     0.05486  0.06020
   0.0                            only_pg_VEGF       0.07938   0.11607      0.01748   0.48467     0.01998  0.48292
   0.0                             only_pg_WNT       0.10144   0.17637      0.04502   0.21895     0.04345  0.26762
   0.0                 only_pg_Androgen_normal       0.11168   0.16223      0.05859   0.04998     0.03349  0.36372
   0.0                     only_pg_EGFR_normal       0.07536   0.12648      0.03972   0.09775     0.02431  0.42766
   0.0                 only_pg_Estrogen_normal       0.06914   0.17677      0.07051   0.05405     0.09460  0.02137
   0.0                  only_pg_Hypoxia_normal       0.08597   0.12173      0.02568   0.31718     0.04018  0.19264
   0.0                 only_pg_JAK_STAT_normal       0.08641   0.20846      0.07331   0.04646     0.07353  0.08960
   0.0                     only_pg_MAPK_normal       0.08282   0.14878      0.07939   0.00701     0.07258  0.03838
   0.0                     only_pg_NFkB_normal       0.17686   0.19076      0.00385   0.92756    -0.01035  0.84417
   0.0                      only_pg_p53_normal       0.04019   0.09631      0.03232   0.11058     0.02881  0.18136
   0.0                     only_pg_PI3K_normal       0.04197   0.11680      0.07268   0.00109     0.08195  0.00180
   0.0                     only_pg_TGFb_normal       0.10083   0.19407      0.05911   0.14695     0.03426  0.41003
   0.0                     only_pg_TNFa_normal       0.07956   0.14443      0.05956   0.04464     0.04075  0.23832
   0.0                    only_pg_Trail_normal       0.06440   0.12003      0.04615   0.03587     0.04919  0.06955
   0.0                     only_pg_VEGF_normal       0.07601   0.12079      0.02249   0.38944     0.02329  0.42295
   0.0                      only_pg_WNT_normal       0.09698   0.17663      0.04745   0.20316     0.04055  0.30225
   0.0              only_pg_Androgen_malignant       0.09076   0.12214      0.03407   0.21664     0.01546  0.54530
   0.0                  only_pg_EGFR_malignant       0.07798   0.14914      0.07235   0.01290     0.07080  0.02927
   0.0              only_pg_Estrogen_malignant       0.08520   0.18318      0.05991   0.09984     0.05959  0.14554
   0.0               only_pg_Hypoxia_malignant       0.09222   0.14448      0.00826   0.75381     0.02364  0.45459
   0.0              only_pg_JAK_STAT_malignant       0.11259   0.22827      0.05151   0.13520     0.04529  0.26203
   0.0                  only_pg_MAPK_malignant       0.13973   0.18310      0.04990   0.20377     0.03556  0.41709
   0.0                  only_pg_NFkB_malignant       0.14671   0.17283      0.01803   0.59030     0.00320  0.93995
   0.0                   only_pg_p53_malignant       0.05634   0.14473      0.06496   0.02293     0.06547  0.02597
   0.0                  only_pg_PI3K_malignant       0.07884   0.12538      0.03950   0.06380     0.03535  0.16580
   0.0                  only_pg_TGFb_malignant       0.12742   0.16399     -0.01511   0.67552    -0.04896  0.19431
   0.0                  only_pg_TNFa_malignant       0.09597   0.14815      0.01026   0.74144    -0.00497  0.89666
   0.0                 only_pg_Trail_malignant       0.10886   0.15089      0.03108   0.25134     0.01518  0.67584
   0.0                  only_pg_VEGF_malignant       0.06940   0.10932      0.02377   0.14353     0.02528  0.11099
   0.0                   only_pg_WNT_malignant       0.12911   0.16865      0.00178   0.96129    -0.01122  0.76840
   0.0                   only_cs_antiapoptotic       0.08448   0.13451      0.01940   0.41909     0.00829  0.79040
   0.0               only_cs_apoptotic_priming       0.16138   0.13060     -0.04511   0.11867    -0.06220  0.06941
   0.0                    only_cs_cytotoxicity       0.16567   0.23001     -0.00013   0.99476     0.02301  0.27637
   0.0                      only_cs_exhaustion       0.11720   0.24923      0.07183   0.02720     0.09538  0.00358
   0.0                    only_cs_interferon_I       0.09137   0.16158      0.02872   0.34249     0.04437  0.23227
   0.0                   only_cs_interferon_II       0.12019   0.18258      0.03276   0.31686     0.06642  0.07455
   0.0                           only_cs_mhc_i       0.08331   0.15318      0.04157   0.20544     0.05590  0.11784
   0.0                          only_cs_mhc_ii       0.05918   0.13606      0.02743   0.23411     0.02267  0.36537
   0.0                    only_cs_naive_memory       0.10262   0.19679      0.04887   0.01955     0.04125  0.09287
   0.0                only_cs_retention_ligand       0.05149   0.10636      0.05449   0.02137     0.05279  0.05150
   0.0              only_cs_retention_receptor       0.11110   0.13439      0.03316   0.30951     0.05894  0.12486
   0.0                            only_cs_sasp       0.11862   0.14515     -0.00740   0.78493    -0.01117  0.73110
   0.0                      only_cs_senescence       0.08040   0.09525     -0.00792   0.69433    -0.01519  0.57393
   0.0            only_cs_antiapoptotic_normal       0.08338   0.12927      0.02263   0.36188     0.00999  0.75113
   0.0        only_cs_apoptotic_priming_normal       0.15203   0.13876     -0.03430   0.24289    -0.05674  0.09373
   0.0             only_cs_cytotoxicity_normal       0.16921   0.22834     -0.00650   0.75709     0.01755  0.41298
   0.0               only_cs_exhaustion_normal       0.11854   0.24425      0.07473   0.02220     0.10182  0.00278
   0.0             only_cs_interferon_I_normal       0.09298   0.15797      0.03227   0.28476     0.04783  0.19753
   0.0            only_cs_interferon_II_normal       0.12155   0.18387      0.03308   0.30088     0.06532  0.07351
   0.0                    only_cs_mhc_i_normal       0.07885   0.15439      0.05091   0.11917     0.05492  0.10997
   0.0                   only_cs_mhc_ii_normal       0.05830   0.12483      0.02810   0.15933     0.02422  0.31160
   0.0             only_cs_naive_memory_normal       0.09890   0.20490      0.05267   0.00749     0.04707  0.04894
   0.0         only_cs_retention_ligand_normal       0.05621   0.11333      0.05690   0.02204     0.05114  0.06786
   0.0       only_cs_retention_receptor_normal       0.10058   0.15311      0.05780   0.07797     0.07221  0.04764
   0.0                     only_cs_sasp_normal       0.11802   0.14672     -0.00564   0.84152    -0.01121  0.73266
   0.0               only_cs_senescence_normal       0.08094   0.10991     -0.00378   0.87825    -0.01433  0.59539
   0.0         only_cs_antiapoptotic_malignant       0.09606   0.12952     -0.01235   0.61531    -0.01688  0.55580
   0.0     only_cs_apoptotic_priming_malignant       0.12057   0.12566     -0.00780   0.79053     0.00314  0.91254
   0.0          only_cs_cytotoxicity_malignant       0.13707   0.23375      0.04051   0.04264     0.06313  0.00346
   0.0            only_cs_exhaustion_malignant       0.11102   0.21333      0.04991   0.07777     0.05486  0.06067
   0.0          only_cs_interferon_I_malignant       0.10384   0.16236      0.01117   0.68020     0.02954  0.36879
   0.0         only_cs_interferon_II_malignant       0.11081   0.19703      0.05382   0.09374     0.07834  0.03138
   0.0                 only_cs_mhc_i_malignant       0.12519   0.18243      0.01270   0.73603     0.02137  0.63508
   0.0                only_cs_mhc_ii_malignant       0.05893   0.14548      0.04577   0.03633     0.04492  0.05054
   0.0          only_cs_naive_memory_malignant       0.09856   0.14796      0.06459   0.01329     0.08413  0.00518
   0.0      only_cs_retention_ligand_malignant       0.06273   0.11442      0.04233   0.06178     0.04033  0.09859
   0.0    only_cs_retention_receptor_malignant       0.14375   0.13378     -0.00645   0.84152     0.01683  0.66544
   0.0                  only_cs_sasp_malignant       0.10697   0.14874     -0.02250   0.46508    -0.01597  0.62866
   0.0            only_cs_senescence_malignant       0.06254   0.09835     -0.00065   0.97973    -0.00614  0.78462
   0.0                      only_mt_glycolysis       0.08221   0.14104      0.02915   0.27057     0.01121  0.55447
   0.0                          only_mt_oxphos       0.10840   0.14531      0.00461   0.87178    -0.00911  0.75969
   0.0            only_mt_fatty_acid_oxidation       0.06915   0.13912      0.04265   0.07570     0.05121  0.08034
   0.0                       only_mt_expr_BCL2       0.08490   0.11968      0.00007   0.99735     0.00767  0.73386
   0.0                       only_mt_expr_MCL1       0.09343   0.16812     -0.00315   0.91469     0.00806  0.80995
   0.0                     only_mt_expr_BCL2L1       0.13221   0.11159     -0.01417   0.63150    -0.00282  0.93709
   0.0               only_mt_glycolysis_normal       0.07973   0.11545      0.02218   0.26344     0.00851  0.63013
   0.0                   only_mt_oxphos_normal       0.10039   0.11632      0.00987   0.66906    -0.00855  0.75353
   0.0     only_mt_fatty_acid_oxidation_normal       0.06094   0.13787      0.04292   0.08951     0.05243  0.09965
   0.0                only_mt_expr_BCL2_normal       0.08015   0.12602      0.00332   0.87470     0.00647  0.76618
   0.0                only_mt_expr_MCL1_normal       0.09739   0.15778     -0.00893   0.75919     0.00296  0.93135
   0.0              only_mt_expr_BCL2L1_normal       0.15592   0.15439     -0.01479   0.70865    -0.01223  0.74359
   0.0            only_mt_glycolysis_malignant       0.10955   0.14455     -0.01480   0.60810    -0.02670  0.28489
   0.0                only_mt_oxphos_malignant       0.18044   0.17261     -0.02855   0.46616    -0.03661  0.43462
   0.0  only_mt_fatty_acid_oxidation_malignant       0.08342   0.12878      0.03006   0.23095     0.02204  0.44588
   0.0             only_mt_expr_BCL2_malignant       0.16934   0.14585     -0.03971   0.18548    -0.04907  0.11190
   0.0             only_mt_expr_MCL1_malignant       0.09208   0.15474     -0.01259   0.66606    -0.00793  0.79607
   0.0           only_mt_expr_BCL2L1_malignant       0.15898   0.13272     -0.01905   0.39600    -0.01127  0.63591
   0.0            only_pt_predicted_Pseudotime       0.04134   0.15312      0.05493   0.06915     0.04805  0.01945
   0.0     only_pt_predicted_Pseudotime_normal       0.04086   0.14058      0.05405   0.03913     0.04840  0.02070
   0.0  only_pt_predicted_Pseudotime_malignant       0.07640   0.16792      0.03082   0.20048     0.02244  0.39714
   0.0                             only_mp_MP2       0.04742   0.11405      0.03123   0.01117     0.03215  0.01327
   0.0                             only_mp_MP3       0.08541   0.13723      0.00190   0.94683    -0.00404  0.80698
   0.0                             only_mp_MP4       0.01923   0.03633      0.01693   0.00713     0.01971  0.00773
   0.0                             only_mp_MP5       0.04231   0.11035      0.02160   0.06734     0.02405  0.04701
   0.0                             only_mp_MP6       0.04068   0.11409      0.02601   0.04234     0.03222  0.01406
   0.0                             only_mp_MP7       0.02884   0.08398      0.02538   0.02518     0.02754  0.01996
   0.0                             only_mp_MP8       0.03588   0.08399      0.01213   0.23037     0.01058  0.26396
   0.0                             only_mp_MP9       0.08475   0.14525      0.07220   0.01761     0.09021  0.00349
   0.0                            only_mp_MP10       0.04679   0.10839      0.02768   0.02288     0.03168  0.02559
   0.0                      only_mp_MP2_normal       0.04728   0.11053      0.03137   0.00815     0.03302  0.01386
   0.0                      only_mp_MP3_normal       0.08634   0.13117     -0.00157   0.95361    -0.00551  0.73863
   0.0                      only_mp_MP4_normal       0.02173   0.04634      0.01910   0.08589     0.02367  0.00113
   0.0                      only_mp_MP5_normal       0.04151   0.10693      0.02217   0.06262     0.02467  0.04078
   0.0                      only_mp_MP6_normal       0.04037   0.11256      0.02637   0.04582     0.03207  0.01413
   0.0                      only_mp_MP7_normal       0.03651   0.09300      0.02032   0.14584     0.02828  0.01935
   0.0                      only_mp_MP8_normal       0.03520   0.08364      0.01263   0.27930     0.01043  0.26927
   0.0                      only_mp_MP9_normal       0.08303   0.13878      0.07332   0.01400     0.09414  0.00287
   0.0                     only_mp_MP10_normal       0.04627   0.10518      0.02822   0.01900     0.03331  0.02573
   0.0                   only_mp_MP2_malignant       0.06096   0.14540      0.03472   0.01475     0.03309  0.04256
   0.0                   only_mp_MP3_malignant       0.09035   0.17601      0.03657   0.07370     0.04093  0.04287
   0.0                   only_mp_MP4_malignant       0.08129   0.08978     -0.00515   0.82547    -0.01647  0.53206
   0.0                   only_mp_MP5_malignant       0.05294   0.16678      0.03993   0.03209     0.04429  0.01433
   0.0                   only_mp_MP6_malignant       0.05974   0.15486      0.03052   0.07600     0.03694  0.05761
   0.0                   only_mp_MP7_malignant       0.05543   0.08844      0.01538   0.29896     0.00337  0.87036
   0.0                   only_mp_MP8_malignant       0.06638   0.10105     -0.00348   0.82005    -0.01384  0.40873
   0.0                   only_mp_MP9_malignant       0.09189   0.13029      0.01583   0.55934     0.02268  0.32027
   0.0                  only_mp_MP10_malignant       0.05975   0.14843      0.03065   0.04277     0.03512  0.04837

[4] VERDICT (alpha=0, within-dataset model)
    only_frac_mal : p=nan   (the feature we force to 0 for healthy)
    no_frac_mal   : p=nan   (stemness + n_cells, no encoded label)
    -> neither subset is significant on its own; the signal needs the full feature combination.
